// Jest Snapshot v1, https://goo.gl/fbAQLP

exports[`LiquidityAmounts #getAmount0ForLiquidity gas 1`] = `453`;

exports[`LiquidityAmounts #getAmountsForLiquidity gas for price above 1`] = `589`;

exports[`LiquidityAmounts #getAmountsForLiquidity gas for price below 1`] = `651`;

exports[`LiquidityAmounts #getAmountsForLiquidity gas for price inside 1`] = `1049`;

exports[`LiquidityAmounts #getLiquidityForAmount0 gas 1`] = `728`;

exports[`LiquidityAmounts #getLiquidityForAmount1 gas 1`] = `460`;

exports[`LiquidityAmounts #getLiquidityForAmount1 gas 2`] = `466`;

exports[`LiquidityAmounts #getLiquidityForAmounts gas for price above 1`] = `707`;

exports[`LiquidityAmounts #getLiquidityForAmounts gas for price below 1`] = `923`;

exports[`LiquidityAmounts #getLiquidityForAmounts gas for price inside 1`] = `1495`;
