// Jest Snapshot v1, https://goo.gl/fbAQLP

exports[`NonfungiblePositionManager #burn gas 1`] = `66076`;

exports[`NonfungiblePositionManager #collect gas transfers both 1`] = `136152`;

exports[`NonfungiblePositionManager #collect gas transfers token0 only 1`] = `126893`;

exports[`NonfungiblePositionManager #collect gas transfers token1 only 1`] = `127100`;

exports[`NonfungiblePositionManager #createAndInitializePoolIfNecessary gas 1`] = `4271095`;

exports[`NonfungiblePositionManager #decreaseLiquidity gas complete decrease 1`] = `156181`;

exports[`NonfungiblePositionManager #decreaseLiquidity gas partial decrease 1`] = `170504`;

exports[`NonfungiblePositionManager #increaseLiquidity gas 1`] = `224370`;

exports[`NonfungiblePositionManager #mint gas first mint for pool 1`] = `671691`;

exports[`NonfungiblePositionManager #mint gas first mint for pool using eth with non-zero refund 1`] = `678613`;

exports[`NonfungiblePositionManager #mint gas first mint for pool using eth with zero refund 1`] = `671388`;

exports[`NonfungiblePositionManager #mint gas mint for same pool, different ticks 1`] = `499784`;

exports[`NonfungiblePositionManager #mint gas mint on same ticks 1`] = `392416`;

exports[`NonfungiblePositionManager #permit owned by eoa gas 1`] = `64531`;

exports[`NonfungiblePositionManager #permit owned by verifying contract gas 1`] = `68328`;

exports[`NonfungiblePositionManager #positions gas 1`] = `19906`;

exports[`NonfungiblePositionManager #transferFrom gas 1`] = `109691`;

exports[`NonfungiblePositionManager #transferFrom gas comes from approved 1`] = `108291`;

exports[`NonfungiblePositionManager bytecode size 1`] = `25678`;

exports[`NonfungiblePositionManager multicall exit gas 1`] = `245656`;
